2026-09-15 10:33:48,630:INFO:Initializing load_model()
2026-09-15 10:33:48,630:INFO:load_model(model_name=../data/finalModel/Standard_0.99/round_30\gbc_final, platform=None, authentication=None, verbose=True)
2026-09-15 10:34:08,552:INFO:Initializing load_model()
2026-09-15 10:34:08,552:INFO:load_model(model_name=../data/finalModel/round_30\gbc_final, platform=None, authentication=None, verbose=True)
2026-09-15 10:37:46,799:INFO:Initializing load_model()
2026-09-15 10:37:46,800:INFO:load_model(model_name=../data/finalModel/gbc_final, platform=None, authentication=None, verbose=True)
2026-09-15 10:37:46,803:INFO:Initializing load_model()
2026-09-15 10:37:46,803:INFO:load_model(model_name=../data/finalModel/et_final, platform=None, authentication=None, verbose=True)
2026-09-15 10:37:46,839:INFO:Initializing load_model()
2026-09-15 10:37:46,839:INFO:load_model(model_name=../data/finalModel/catboost_final, platform=None, authentication=None, verbose=True)
2026-09-15 10:37:46,856:INFO:Initializing load_model()
2026-09-15 10:37:46,856:INFO:load_model(model_name=../data/finalModel/dt_final, platform=None, authentication=None, verbose=True)
2026-09-15 10:37:46,857:INFO:Initializing load_model()
2026-09-15 10:37:46,857:INFO:load_model(model_name=../data/finalModel/ada_final, platform=None, authentication=None, verbose=True)
2026-09-15 10:40:36,373:INFO:Initializing load_model()
2026-09-15 10:40:36,373:INFO:load_model(model_name=../data/finalModel/gbc_final, platform=None, authentication=None, verbose=True)
2026-09-15 10:40:36,377:INFO:Initializing load_model()
2026-09-15 10:40:36,377:INFO:load_model(model_name=../data/finalModel/et_final, platform=None, authentication=None, verbose=True)
2026-09-15 10:40:36,404:INFO:Initializing load_model()
2026-09-15 10:40:36,404:INFO:load_model(model_name=../data/finalModel/catboost_final, platform=None, authentication=None, verbose=True)
2026-09-15 10:40:36,417:INFO:Initializing load_model()
2026-09-15 10:40:36,417:INFO:load_model(model_name=../data/finalModel/dt_final, platform=None, authentication=None, verbose=True)
2026-09-15 10:40:36,418:INFO:Initializing load_model()
2026-09-15 10:40:36,418:INFO:load_model(model_name=../data/finalModel/ada_final, platform=None, authentication=None, verbose=True)
2026-09-15 10:43:15,185:INFO:Initializing load_model()
2026-09-15 10:43:15,186:INFO:load_model(model_name=../data/finalModel/ada_final, platform=None, authentication=None, verbose=True)
2026-09-15 10:43:15,214:INFO:Initializing load_model()
2026-09-15 10:43:15,214:INFO:load_model(model_name=../data/finalModel/catboost_final, platform=None, authentication=None, verbose=True)
2026-09-15 10:43:15,226:INFO:Initializing load_model()
2026-09-15 10:43:15,226:INFO:load_model(model_name=../data/finalModel/dt_final, platform=None, authentication=None, verbose=True)
2026-09-15 10:43:15,227:INFO:Initializing load_model()
2026-09-15 10:43:15,227:INFO:load_model(model_name=../data/finalModel/et_final, platform=None, authentication=None, verbose=True)
2026-09-15 10:43:15,254:INFO:Initializing load_model()
2026-09-15 10:43:15,254:INFO:load_model(model_name=../data/finalModel/gbc_final, platform=None, authentication=None, verbose=True)
2026-09-15 10:43:55,655:INFO:Initializing load_model()
2026-09-15 10:43:55,655:INFO:load_model(model_name=../data/finalModel/gbc_final, platform=None, authentication=None, verbose=True)
2026-09-15 10:43:55,659:INFO:Initializing load_model()
2026-09-15 10:43:55,659:INFO:load_model(model_name=../data/finalModel/et_final, platform=None, authentication=None, verbose=True)
2026-09-15 10:43:55,689:INFO:Initializing load_model()
2026-09-15 10:43:55,689:INFO:load_model(model_name=../data/finalModel/catboost_final, platform=None, authentication=None, verbose=True)
2026-09-15 10:43:55,703:INFO:Initializing load_model()
2026-09-15 10:43:55,703:INFO:load_model(model_name=../data/finalModel/dt_final, platform=None, authentication=None, verbose=True)
2026-09-15 10:43:55,703:INFO:Initializing load_model()
2026-09-15 10:43:55,703:INFO:load_model(model_name=../data/finalModel/ada_final, platform=None, authentication=None, verbose=True)
2026-09-15 10:45:12,342:INFO:Initializing load_model()
2026-09-15 10:45:12,342:INFO:load_model(model_name=../data/finalModel/gbc_final, platform=None, authentication=None, verbose=True)
2026-09-15 10:45:12,346:INFO:Initializing load_model()
2026-09-15 10:45:12,346:INFO:load_model(model_name=../data/finalModel/et_final, platform=None, authentication=None, verbose=True)
2026-09-15 10:45:12,374:INFO:Initializing load_model()
2026-09-15 10:45:12,374:INFO:load_model(model_name=../data/finalModel/catboost_final, platform=None, authentication=None, verbose=True)
2026-09-15 10:45:12,387:INFO:Initializing load_model()
2026-09-15 10:45:12,387:INFO:load_model(model_name=../data/finalModel/dt_final, platform=None, authentication=None, verbose=True)
2026-09-15 10:45:12,388:INFO:Initializing load_model()
2026-09-15 10:45:12,388:INFO:load_model(model_name=../data/finalModel/ada_final, platform=None, authentication=None, verbose=True)
2026-09-15 10:52:27,737:INFO:Initializing load_model()
2026-09-15 10:52:27,737:INFO:load_model(model_name=../data/finalModel/gbc_final, platform=None, authentication=None, verbose=True)
2026-09-15 10:52:27,742:INFO:Initializing load_model()
2026-09-15 10:52:27,742:INFO:load_model(model_name=../data/finalModel/et_final, platform=None, authentication=None, verbose=True)
2026-09-15 10:52:27,768:INFO:Initializing load_model()
2026-09-15 10:52:27,768:INFO:load_model(model_name=../data/finalModel/catboost_final, platform=None, authentication=None, verbose=True)
2026-09-15 10:52:27,779:INFO:Initializing load_model()
2026-09-15 10:52:27,779:INFO:load_model(model_name=../data/finalModel/dt_final, platform=None, authentication=None, verbose=True)
2026-09-15 10:52:27,781:INFO:Initializing load_model()
2026-09-15 10:52:27,781:INFO:load_model(model_name=../data/finalModel/ada_final, platform=None, authentication=None, verbose=True)
2026-09-15 10:53:38,229:INFO:Initializing load_model()
2026-09-15 10:53:38,229:INFO:load_model(model_name=../data/finalModel/gbc_final, platform=None, authentication=None, verbose=True)
2026-09-15 10:53:38,234:INFO:Initializing load_model()
2026-09-15 10:53:38,234:INFO:load_model(model_name=../data/finalModel/et_final, platform=None, authentication=None, verbose=True)
2026-09-15 10:53:38,259:INFO:Initializing load_model()
2026-09-15 10:53:38,259:INFO:load_model(model_name=../data/finalModel/catboost_final, platform=None, authentication=None, verbose=True)
2026-09-15 10:53:38,272:INFO:Initializing load_model()
2026-09-15 10:53:38,272:INFO:load_model(model_name=../data/finalModel/dt_final, platform=None, authentication=None, verbose=True)
2026-09-15 10:53:38,272:INFO:Initializing load_model()
2026-09-15 10:53:38,272:INFO:load_model(model_name=../data/finalModel/ada_final, platform=None, authentication=None, verbose=True)
2026-09-15 10:55:04,686:INFO:Initializing load_model()
2026-09-15 10:55:04,686:INFO:load_model(model_name=../data/finalModel/gbc_final, platform=None, authentication=None, verbose=True)
2026-09-15 10:55:04,691:INFO:Initializing load_model()
2026-09-15 10:55:04,691:INFO:load_model(model_name=../data/finalModel/et_final, platform=None, authentication=None, verbose=True)
2026-09-15 10:55:04,719:INFO:Initializing load_model()
2026-09-15 10:55:04,719:INFO:load_model(model_name=../data/finalModel/catboost_final, platform=None, authentication=None, verbose=True)
2026-09-15 10:55:04,733:INFO:Initializing load_model()
2026-09-15 10:55:04,733:INFO:load_model(model_name=../data/finalModel/dt_final, platform=None, authentication=None, verbose=True)
2026-09-15 10:55:04,734:INFO:Initializing load_model()
2026-09-15 10:55:04,734:INFO:load_model(model_name=../data/finalModel/ada_final, platform=None, authentication=None, verbose=True)
2026-09-15 10:55:50,837:INFO:Initializing load_model()
2026-09-15 10:55:50,837:INFO:load_model(model_name=../data/finalModel/gbc_final, platform=None, authentication=None, verbose=True)
2026-09-15 10:55:50,841:INFO:Initializing load_model()
2026-09-15 10:55:50,841:INFO:load_model(model_name=../data/finalModel/et_final, platform=None, authentication=None, verbose=True)
2026-09-15 10:55:50,869:INFO:Initializing load_model()
2026-09-15 10:55:50,869:INFO:load_model(model_name=../data/finalModel/catboost_final, platform=None, authentication=None, verbose=True)
2026-09-15 10:55:50,882:INFO:Initializing load_model()
2026-09-15 10:55:50,882:INFO:load_model(model_name=../data/finalModel/dt_final, platform=None, authentication=None, verbose=True)
2026-09-15 10:55:50,883:INFO:Initializing load_model()
2026-09-15 10:55:50,883:INFO:load_model(model_name=../data/finalModel/ada_final, platform=None, authentication=None, verbose=True)
2026-09-15 11:01:24,682:INFO:Initializing load_model()
2026-09-15 11:01:24,682:INFO:load_model(model_name=../data/finalModel/gbc_final, platform=None, authentication=None, verbose=True)
2026-09-15 11:01:24,686:INFO:Initializing load_model()
2026-09-15 11:01:24,686:INFO:load_model(model_name=../data/finalModel/et_final, platform=None, authentication=None, verbose=True)
2026-09-15 11:01:24,712:INFO:Initializing load_model()
2026-09-15 11:01:24,712:INFO:load_model(model_name=../data/finalModel/catboost_final, platform=None, authentication=None, verbose=True)
2026-09-15 11:01:24,726:INFO:Initializing load_model()
2026-09-15 11:01:24,726:INFO:load_model(model_name=../data/finalModel/dt_final, platform=None, authentication=None, verbose=True)
2026-09-15 11:01:24,727:INFO:Initializing load_model()
2026-09-15 11:01:24,727:INFO:load_model(model_name=../data/finalModel/ada_final, platform=None, authentication=None, verbose=True)
