2026-07-16 20:53:07,809:INFO:Initializing load_model()
2026-07-16 20:53:07,809:INFO:load_model(model_name=../data/finalModel\lightgbm_final, platform=None, authentication=None, verbose=True)
2026-07-16 20:53:07,828:INFO:Initializing load_model()
2026-07-16 20:53:07,828:INFO:load_model(model_name=../data/finalModel\ada_final, platform=None, authentication=None, verbose=True)
2026-07-16 20:53:07,852:INFO:Initializing load_model()
2026-07-16 20:53:07,852:INFO:load_model(model_name=../data/finalModel\xgboost_final, platform=None, authentication=None, verbose=True)
2026-07-16 20:53:09,434:INFO:Initializing load_model()
2026-07-16 20:53:09,434:INFO:load_model(model_name=../data/finalModel\dt_final, platform=None, authentication=None, verbose=True)
2026-07-16 20:53:09,436:INFO:Initializing load_model()
2026-07-16 20:53:09,436:INFO:load_model(model_name=../data/finalModel\qda_final, platform=None, authentication=None, verbose=True)
2026-07-16 20:53:09,442:INFO:Initializing load_model()
2026-07-16 20:53:09,442:INFO:load_model(model_name=../data/finalModel\catboost_final, platform=None, authentication=None, verbose=True)
2026-07-16 20:55:06,927:INFO:Initializing load_model()
2026-07-16 20:55:06,927:INFO:load_model(model_name=../data/finalModel\lightgbm_final, platform=None, authentication=None, verbose=True)
2026-07-16 20:55:06,932:INFO:Initializing load_model()
2026-07-16 20:55:06,932:INFO:load_model(model_name=../data/finalModel\ada_final, platform=None, authentication=None, verbose=True)
2026-07-16 20:55:06,954:INFO:Initializing load_model()
2026-07-16 20:55:06,954:INFO:load_model(model_name=../data/finalModel\xgboost_final, platform=None, authentication=None, verbose=True)
2026-07-16 20:55:08,482:INFO:Initializing load_model()
2026-07-16 20:55:08,482:INFO:load_model(model_name=../data/finalModel\dt_final, platform=None, authentication=None, verbose=True)
2026-07-16 20:55:08,485:INFO:Initializing load_model()
2026-07-16 20:55:08,485:INFO:load_model(model_name=../data/finalModel\qda_final, platform=None, authentication=None, verbose=True)
2026-07-16 20:55:08,490:INFO:Initializing load_model()
2026-07-16 20:55:08,490:INFO:load_model(model_name=../data/finalModel\catboost_final, platform=None, authentication=None, verbose=True)
