2026-03-18 01:45:53,521:INFO:Initializing load_model()
2026-03-18 01:45:53,522:INFO:load_model(model_name=../data/finalModel\lightgbm_final, platform=None, authentication=None, verbose=True)
2026-03-18 01:45:53,559:INFO:Initializing load_model()
2026-03-18 01:45:53,560:INFO:load_model(model_name=../data/finalModel\ada_final, platform=None, authentication=None, verbose=True)
2026-03-18 01:47:57,574:INFO:Initializing load_model()
2026-03-18 01:47:57,574:INFO:load_model(model_name=../data/finalModel\lightgbm_final, platform=None, authentication=None, verbose=True)
2026-03-18 01:47:57,582:INFO:Initializing load_model()
2026-03-18 01:47:57,583:INFO:load_model(model_name=../data/finalModel\ada_final, platform=None, authentication=None, verbose=True)
2026-03-18 01:49:41,846:INFO:Initializing load_model()
2026-03-18 01:49:41,847:INFO:load_model(model_name=../data/finalModel\lightgbm_final, platform=None, authentication=None, verbose=True)
2026-03-18 01:49:41,854:INFO:Initializing load_model()
2026-03-18 01:49:41,854:INFO:load_model(model_name=../data/finalModel\ada_final, platform=None, authentication=None, verbose=True)
2026-03-18 01:49:41,883:INFO:Initializing load_model()
2026-03-18 01:49:41,884:INFO:load_model(model_name=../data/finalModel\xgboost_final, platform=None, authentication=None, verbose=True)
2026-03-18 01:49:43,536:INFO:Initializing load_model()
2026-03-18 01:49:43,536:INFO:load_model(model_name=../data/finalModel\dt_final, platform=None, authentication=None, verbose=True)
2026-03-18 01:49:43,538:INFO:Initializing load_model()
2026-03-18 01:49:43,538:INFO:load_model(model_name=../data/finalModel\qda_final, platform=None, authentication=None, verbose=True)
2026-03-18 01:49:43,562:INFO:Initializing load_model()
2026-03-18 01:49:43,562:INFO:load_model(model_name=../data/finalModel\catboost_final, platform=None, authentication=None, verbose=True)
2026-03-18 01:50:30,884:INFO:Initializing load_model()
2026-03-18 01:50:30,884:INFO:load_model(model_name=../data/finalModel\lightgbm_final, platform=None, authentication=None, verbose=True)
2026-03-18 01:50:30,895:INFO:Initializing load_model()
2026-03-18 01:50:30,895:INFO:load_model(model_name=../data/finalModel\ada_final, platform=None, authentication=None, verbose=True)
2026-03-18 01:50:30,910:INFO:Initializing load_model()
2026-03-18 01:50:30,910:INFO:load_model(model_name=../data/finalModel\xgboost_final, platform=None, authentication=None, verbose=True)
2026-03-18 01:50:32,504:INFO:Initializing load_model()
2026-03-18 01:50:32,504:INFO:load_model(model_name=../data/finalModel\dt_final, platform=None, authentication=None, verbose=True)
2026-03-18 01:50:32,507:INFO:Initializing load_model()
2026-03-18 01:50:32,508:INFO:load_model(model_name=../data/finalModel\qda_final, platform=None, authentication=None, verbose=True)
2026-03-18 01:50:32,515:INFO:Initializing load_model()
2026-03-18 01:50:32,515:INFO:load_model(model_name=../data/finalModel\catboost_final, platform=None, authentication=None, verbose=True)
2026-03-18 01:52:50,431:INFO:Initializing load_model()
2026-03-18 01:52:50,432:INFO:load_model(model_name=../data/finalModel\lightgbm_final, platform=None, authentication=None, verbose=True)
2026-03-18 01:52:50,440:INFO:Initializing load_model()
2026-03-18 01:52:50,441:INFO:load_model(model_name=../data/finalModel\ada_final, platform=None, authentication=None, verbose=True)
2026-03-18 01:52:50,456:INFO:Initializing load_model()
2026-03-18 01:52:50,457:INFO:load_model(model_name=../data/finalModel\xgboost_final, platform=None, authentication=None, verbose=True)
2026-03-18 01:52:52,050:INFO:Initializing load_model()
2026-03-18 01:52:52,051:INFO:load_model(model_name=../data/finalModel\dt_final, platform=None, authentication=None, verbose=True)
2026-03-18 01:52:52,054:INFO:Initializing load_model()
2026-03-18 01:52:52,054:INFO:load_model(model_name=../data/finalModel\qda_final, platform=None, authentication=None, verbose=True)
2026-03-18 01:52:52,062:INFO:Initializing load_model()
2026-03-18 01:52:52,062:INFO:load_model(model_name=../data/finalModel\catboost_final, platform=None, authentication=None, verbose=True)
